
> badger-next@0.1.0 build
> next build

  Γû▓ Next.js 14.2.35

   Creating an optimized production build ...
node.exe : Failed to compile.
At line:1 char:1
+ & "C:\Program Files\nodejs/node.exe" "C:\Program Files\nodejs/node_mo ...
+ ~~~~~~~~~~~~~~~~~~~~~~~~~~~~~~~~~~~~~~~~~~~~~~~~~~~~~~~~~~~~~~~~~~~~~
    + CategoryInfo          : NotSpecified: (Failed to compile.:String) [], RemoteException
    + FullyQualifiedErrorId : NativeCommandError
 

./src/app/admin/page.tsx
Module not found: Can't resolve '@/lib/supabase'

https://nextjs.org/docs/messages/module-not-found

./src/app/admin/page.tsx
Module not found: Can't resolve '@/components/Toast'

https://nextjs.org/docs/messages/module-not-found

./src/app/admin/page.tsx
Module not found: Can't resolve '@/components/TTSPanel'

https://nextjs.org/docs/messages/module-not-found

./src/app/admin/page.tsx
Module not found: Can't resolve '@/lib/automation'

https://nextjs.org/docs/messages/module-not-found

./src/app/admin/page.tsx
Module not found: Can't resolve '@/components/RoleManager'

https://nextjs.org/docs/messages/module-not-found


> Build failed because of webpack errors
